// Jest Snapshot v1, https://goo.gl/fbAQLP

exports[`<Loading /> renders the <Loading /> with populated data 1`] = `
<div
  class="loading__Spinner-sc-11yhc25-1 kCevId"
  data-testid="loading"
>
  <img
    class="loading__Picture-sc-11yhc25-0 iYWgjc"
    data-testid="loading-picture"
    src="/images/users//images/soomin.png.png"
  />
</div>
`;

exports[`<Loading /> renders the <ReleaseBody /> 1`] = `null`;
